// Jest Snapshot v1, https://goo.gl/fbAQLP

exports[`Tabs renders correctly 1`] = `
<View
  style={
    Array [
      Object {
        "flexDirection": "column",
      },
      false,
      false,
      false,
      false,
      false,
      false,
      false,
      false,
      null,
      false,
      false,
      false,
      null,
      null,
      null,
      Array [
        Object {
          "backgroundColor": "#FFFFFF",
          "width": 750,
          "zIndex": 2,
        },
        Object {
          "elevation": 4,
          "shadowColor": "#000000",
          "shadowOffset": Object {
            "height": 2,
            "width": 0,
          },
          "shadowOpacity": 0.2,
          "shadowRadius": 8,
        },
      ],
    ]
  }
  theme={
    Object {
      "COLORS": Object {
        "ACTIVE": "#9C26B0",
        "BLACK": "#000000",
        "BLOCK": "#E7E7E7",
        "BORDER_COLOR": "#E7E7E7",
        "BUTTON_COLOR": "#9C26B0",
        "DEFAULT": "#DCDCDC",
        "DRIBBBLE": "#EA4C89",
        "ERROR": "#F44336",
        "FACEBOOK": "#3B5998",
        "GRADIENT_END": "#AC2688",
        "GRADIENT_START": "#6B24AA",
        "GREY": "#898989",
        "ICON": "#4A4A4A",
        "INFO": "#00BCD4",
        "INPUT": "#DCDCDC",
        "LABEL": "#FE2472",
        "MUTED": "#979797",
        "NAVBAR": "#F9F9F9",
        "NEUTRAL": "rgba(255,255,255, 0.65)",
        "PLACEHOLDER": "#9FA5AA",
        "PRICE_COLOR": "#EAD5FB",
        "PRIMARY": "#9C26B0",
        "SUCCESS": "#4CAF50",
        "SWITCH_OFF": "#D4D9DD",
        "SWITCH_ON": "#9C26B0",
        "THEME": "#B23AFC",
        "TRANSPARENT": "transparent",
        "TWITTER": "#5BC0DE",
        "WARNING": "#FF9800",
        "WHITE": "#FFFFFF",
      },
      "SIZES": Object {
        "ANDROID_ELEVATION": 1,
        "BASE": 16,
        "BLOCK_SHADOW_OPACITY": 0.15,
        "BLOCK_SHADOW_RADIUS": 2,
        "BORDER_RADIUS": 6,
        "BORDER_WIDTH": 0.8,
        "BUTTON_HEIGHT": 44,
        "BUTTON_SHADOW_RADIUS": 10,
        "BUTTON_WIDTH": 144,
        "CARD_AVATAR_HEIGHT": 40,
        "CARD_AVATAR_RADIUS": 20,
        "CARD_AVATAR_WIDTH": 40,
        "CARD_BORDER_RADIUS": 6.4,
        "CARD_BORDER_WIDTH": 0.8,
        "CARD_FOOTER_HORIZONTAL": 12,
        "CARD_FOOTER_VERTICAL": 12,
        "CARD_IMAGE_HEIGHT": 200,
        "CARD_MARGIN_VERTICAL": 14,
        "CARD_ROUND": 3,
        "CARD_ROUNDED": 8,
        "CARD_WIDTH": 718,
        "CHECKBOX_HEIGHT": 20,
        "CHECKBOX_WIDTH": 20,
        "FONT": 16,
        "ICON": 16,
        "INPUT_BORDER_RADIUS": 8,
        "INPUT_BORDER_WIDTH": 0.8,
        "INPUT_HEIGHT": 44,
        "INPUT_HELP_TEXT": 12.8,
        "INPUT_HORIZONTAL": 16,
        "INPUT_LABEL_BOTTOM": 4,
        "INPUT_LABEL_TEXT": 14.4,
        "INPUT_ROUNDED": 27.2,
        "INPUT_TEXT": 14,
        "NAVBAR_HEIGHT": 66,
        "NAVBAR_LEFT_FLEX": 0.5,
        "NAVBAR_LEFT_HEIGHT": 93.38000000000001,
        "NAVBAR_LEFT_MARGIN": 16,
        "NAVBAR_RIGHT_FLEX": 0.5,
        "NAVBAR_RIGHT_HEIGHT": 93.38000000000001,
        "NAVBAR_RIGHT_MARGIN": 16,
        "NAVBAR_TITLE_FLEX": 2,
        "NAVBAR_TITLE_HEIGHT": 93.38000000000001,
        "NAVBAR_TITLE_TEXT": 14,
        "NAVBAR_VERTICAL": 16,
        "OPACITY": 0.8,
        "RADIO_HEIGHT": 24,
        "RADIO_THICKNESS": 2,
        "RADIO_WIDTH": 24,
        "THUMB_SIZE": 25,
        "TRACK_SIZE": 4,
      },
    }
  }
>
  <RCTScrollView
    contentContainerStyle={
      Object {
        "paddingBottom": 0,
        "paddingHorizontal": 40,
        "paddingTop": 8,
      }
    }
    data={
      Array [
        Object {
          "id": "popular",
          "title": "Popular",
        },
        Object {
          "id": "beauty",
          "title": "Beauty",
        },
        Object {
          "id": "cars",
          "title": "Cars",
        },
        Object {
          "id": "motocycles",
          "title": "Motocycles",
        },
      ]
    }
    disableVirtualization={false}
    extraData={
      Object {
        "active": null,
      }
    }
    getItem={[Function]}
    getItemCount={[Function]}
    horizontal={true}
    initialIndex={null}
    initialNumToRender={10}
    keyExtractor={[Function]}
    maxToRenderPerBatch={10}
    onContentSizeChange={[Function]}
    onEndReachedThreshold={2}
    onLayout={[Function]}
    onMomentumScrollEnd={[Function]}
    onScroll={[Function]}
    onScrollBeginDrag={[Function]}
    onScrollEndDrag={[Function]}
    onScrollToIndexFailed={[Function]}
    removeClippedSubviews={false}
    renderItem={[Function]}
    scrollEventThrottle={50}
    showsHorizontalScrollIndicator={false}
    stickyHeaderIndices={Array []}
    updateCellsBatchingPeriod={50}
    viewabilityConfigCallbackPairs={Array []}
    windowSize={21}
  >
    <View>
      <View
        onLayout={[Function]}
        style={
          Array [
            Object {
              "flexDirection": "row",
            },
            null,
          ]
        }
      >
        <View
          style={
            Array [
              Object {
                "flexDirection": "column",
              },
              false,
              false,
              false,
              false,
              false,
              false,
              false,
              false,
              null,
              false,
              false,
              false,
              null,
              null,
              null,
              Object {
                "alignItems": "center",
              },
            ]
          }
          theme={
            Object {
              "COLORS": Object {
                "ACTIVE": "#9C26B0",
                "BLACK": "#000000",
                "BLOCK": "#E7E7E7",
                "BORDER_COLOR": "#E7E7E7",
                "BUTTON_COLOR": "#9C26B0",
                "DEFAULT": "#DCDCDC",
                "DRIBBBLE": "#EA4C89",
                "ERROR": "#F44336",
                "FACEBOOK": "#3B5998",
                "GRADIENT_END": "#AC2688",
                "GRADIENT_START": "#6B24AA",
                "GREY": "#898989",
                "ICON": "#4A4A4A",
                "INFO": "#00BCD4",
                "INPUT": "#DCDCDC",
                "LABEL": "#FE2472",
                "MUTED": "#979797",
                "NAVBAR": "#F9F9F9",
                "NEUTRAL": "rgba(255,255,255, 0.65)",
                "PLACEHOLDER": "#9FA5AA",
                "PRICE_COLOR": "#EAD5FB",
                "PRIMARY": "#9C26B0",
                "SUCCESS": "#4CAF50",
                "SWITCH_OFF": "#D4D9DD",
                "SWITCH_ON": "#9C26B0",
                "THEME": "#B23AFC",
                "TRANSPARENT": "transparent",
                "TWITTER": "#5BC0DE",
                "WARNING": "#FF9800",
                "WHITE": "#FFFFFF",
              },
              "SIZES": Object {
                "ANDROID_ELEVATION": 1,
                "BASE": 16,
                "BLOCK_SHADOW_OPACITY": 0.15,
                "BLOCK_SHADOW_RADIUS": 2,
                "BORDER_RADIUS": 6,
                "BORDER_WIDTH": 0.8,
                "BUTTON_HEIGHT": 44,
                "BUTTON_SHADOW_RADIUS": 10,
                "BUTTON_WIDTH": 144,
                "CARD_AVATAR_HEIGHT": 40,
                "CARD_AVATAR_RADIUS": 20,
                "CARD_AVATAR_WIDTH": 40,
                "CARD_BORDER_RADIUS": 6.4,
                "CARD_BORDER_WIDTH": 0.8,
                "CARD_FOOTER_HORIZONTAL": 12,
                "CARD_FOOTER_VERTICAL": 12,
                "CARD_IMAGE_HEIGHT": 200,
                "CARD_MARGIN_VERTICAL": 14,
                "CARD_ROUND": 3,
                "CARD_ROUNDED": 8,
                "CARD_WIDTH": 718,
                "CHECKBOX_HEIGHT": 20,
                "CHECKBOX_WIDTH": 20,
                "FONT": 16,
                "ICON": 16,
                "INPUT_BORDER_RADIUS": 8,
                "INPUT_BORDER_WIDTH": 0.8,
                "INPUT_HEIGHT": 44,
                "INPUT_HELP_TEXT": 12.8,
                "INPUT_HORIZONTAL": 16,
                "INPUT_LABEL_BOTTOM": 4,
                "INPUT_LABEL_TEXT": 14.4,
                "INPUT_ROUNDED": 27.2,
                "INPUT_TEXT": 14,
                "NAVBAR_HEIGHT": 66,
                "NAVBAR_LEFT_FLEX": 0.5,
                "NAVBAR_LEFT_HEIGHT": 93.38000000000001,
                "NAVBAR_LEFT_MARGIN": 16,
                "NAVBAR_RIGHT_FLEX": 0.5,
                "NAVBAR_RIGHT_HEIGHT": 93.38000000000001,
                "NAVBAR_RIGHT_MARGIN": 16,
                "NAVBAR_TITLE_FLEX": 2,
                "NAVBAR_TITLE_HEIGHT": 93.38000000000001,
                "NAVBAR_TITLE_TEXT": 14,
                "NAVBAR_VERTICAL": 16,
                "OPACITY": 0.8,
                "RADIO_HEIGHT": 24,
                "RADIO_THICKNESS": 2,
                "RADIO_WIDTH": 24,
                "THUMB_SIZE": 25,
                "TRACK_SIZE": 4,
              },
            }
          }
        >
          <Text
            onPress={[Function]}
            style={
              Object {
                "color": "rgba(151, 151, 151, 1)",
                "fontSize": 16,
                "fontWeight": "300",
                "lineHeight": 28,
                "paddingHorizontal": 16,
              }
            }
          >
            Popular
          </Text>
          <View
            style={
              Object {
                "backgroundColor": "#9C26B0",
                "height": 2,
                "width": "0%",
              }
            }
          />
        </View>
      </View>
      <View
        onLayout={[Function]}
        style={
          Array [
            Object {
              "flexDirection": "row",
            },
            null,
          ]
        }
      >
        <View
          style={
            Array [
              Object {
                "flexDirection": "column",
              },
              false,
              false,
              false,
              false,
              false,
              false,
              false,
              false,
              null,
              false,
              false,
              false,
              null,
              null,
              null,
              Object {
                "alignItems": "center",
              },
            ]
          }
          theme={
            Object {
              "COLORS": Object {
                "ACTIVE": "#9C26B0",
                "BLACK": "#000000",
                "BLOCK": "#E7E7E7",
                "BORDER_COLOR": "#E7E7E7",
                "BUTTON_COLOR": "#9C26B0",
                "DEFAULT": "#DCDCDC",
                "DRIBBBLE": "#EA4C89",
                "ERROR": "#F44336",
                "FACEBOOK": "#3B5998",
                "GRADIENT_END": "#AC2688",
                "GRADIENT_START": "#6B24AA",
                "GREY": "#898989",
                "ICON": "#4A4A4A",
                "INFO": "#00BCD4",
                "INPUT": "#DCDCDC",
                "LABEL": "#FE2472",
                "MUTED": "#979797",
                "NAVBAR": "#F9F9F9",
                "NEUTRAL": "rgba(255,255,255, 0.65)",
                "PLACEHOLDER": "#9FA5AA",
                "PRICE_COLOR": "#EAD5FB",
                "PRIMARY": "#9C26B0",
                "SUCCESS": "#4CAF50",
                "SWITCH_OFF": "#D4D9DD",
                "SWITCH_ON": "#9C26B0",
                "THEME": "#B23AFC",
                "TRANSPARENT": "transparent",
                "TWITTER": "#5BC0DE",
                "WARNING": "#FF9800",
                "WHITE": "#FFFFFF",
              },
              "SIZES": Object {
                "ANDROID_ELEVATION": 1,
                "BASE": 16,
                "BLOCK_SHADOW_OPACITY": 0.15,
                "BLOCK_SHADOW_RADIUS": 2,
                "BORDER_RADIUS": 6,
                "BORDER_WIDTH": 0.8,
                "BUTTON_HEIGHT": 44,
                "BUTTON_SHADOW_RADIUS": 10,
                "BUTTON_WIDTH": 144,
                "CARD_AVATAR_HEIGHT": 40,
                "CARD_AVATAR_RADIUS": 20,
                "CARD_AVATAR_WIDTH": 40,
                "CARD_BORDER_RADIUS": 6.4,
                "CARD_BORDER_WIDTH": 0.8,
                "CARD_FOOTER_HORIZONTAL": 12,
                "CARD_FOOTER_VERTICAL": 12,
                "CARD_IMAGE_HEIGHT": 200,
                "CARD_MARGIN_VERTICAL": 14,
                "CARD_ROUND": 3,
                "CARD_ROUNDED": 8,
                "CARD_WIDTH": 718,
                "CHECKBOX_HEIGHT": 20,
                "CHECKBOX_WIDTH": 20,
                "FONT": 16,
                "ICON": 16,
                "INPUT_BORDER_RADIUS": 8,
                "INPUT_BORDER_WIDTH": 0.8,
                "INPUT_HEIGHT": 44,
                "INPUT_HELP_TEXT": 12.8,
                "INPUT_HORIZONTAL": 16,
                "INPUT_LABEL_BOTTOM": 4,
                "INPUT_LABEL_TEXT": 14.4,
                "INPUT_ROUNDED": 27.2,
                "INPUT_TEXT": 14,
                "NAVBAR_HEIGHT": 66,
                "NAVBAR_LEFT_FLEX": 0.5,
                "NAVBAR_LEFT_HEIGHT": 93.38000000000001,
                "NAVBAR_LEFT_MARGIN": 16,
                "NAVBAR_RIGHT_FLEX": 0.5,
                "NAVBAR_RIGHT_HEIGHT": 93.38000000000001,
                "NAVBAR_RIGHT_MARGIN": 16,
                "NAVBAR_TITLE_FLEX": 2,
                "NAVBAR_TITLE_HEIGHT": 93.38000000000001,
                "NAVBAR_TITLE_TEXT": 14,
                "NAVBAR_VERTICAL": 16,
                "OPACITY": 0.8,
                "RADIO_HEIGHT": 24,
                "RADIO_THICKNESS": 2,
                "RADIO_WIDTH": 24,
                "THUMB_SIZE": 25,
                "TRACK_SIZE": 4,
              },
            }
          }
        >
          <Text
            onPress={[Function]}
            style={
              Object {
                "color": "rgba(151, 151, 151, 1)",
                "fontSize": 16,
                "fontWeight": "300",
                "lineHeight": 28,
                "paddingHorizontal": 16,
              }
            }
          >
            Beauty
          </Text>
          <View
            style={
              Object {
                "backgroundColor": "#9C26B0",
                "height": 2,
                "width": "0%",
              }
            }
          />
        </View>
      </View>
      <View
        onLayout={[Function]}
        style={
          Array [
            Object {
              "flexDirection": "row",
            },
            null,
          ]
        }
      >
        <View
          style={
            Array [
              Object {
                "flexDirection": "column",
              },
              false,
              false,
              false,
              false,
              false,
              false,
              false,
              false,
              null,
              false,
              false,
              false,
              null,
              null,
              null,
              Object {
                "alignItems": "center",
              },
            ]
          }
          theme={
            Object {
              "COLORS": Object {
                "ACTIVE": "#9C26B0",
                "BLACK": "#000000",
                "BLOCK": "#E7E7E7",
                "BORDER_COLOR": "#E7E7E7",
                "BUTTON_COLOR": "#9C26B0",
                "DEFAULT": "#DCDCDC",
                "DRIBBBLE": "#EA4C89",
                "ERROR": "#F44336",
                "FACEBOOK": "#3B5998",
                "GRADIENT_END": "#AC2688",
                "GRADIENT_START": "#6B24AA",
                "GREY": "#898989",
                "ICON": "#4A4A4A",
                "INFO": "#00BCD4",
                "INPUT": "#DCDCDC",
                "LABEL": "#FE2472",
                "MUTED": "#979797",
                "NAVBAR": "#F9F9F9",
                "NEUTRAL": "rgba(255,255,255, 0.65)",
                "PLACEHOLDER": "#9FA5AA",
                "PRICE_COLOR": "#EAD5FB",
                "PRIMARY": "#9C26B0",
                "SUCCESS": "#4CAF50",
                "SWITCH_OFF": "#D4D9DD",
                "SWITCH_ON": "#9C26B0",
                "THEME": "#B23AFC",
                "TRANSPARENT": "transparent",
                "TWITTER": "#5BC0DE",
                "WARNING": "#FF9800",
                "WHITE": "#FFFFFF",
              },
              "SIZES": Object {
                "ANDROID_ELEVATION": 1,
                "BASE": 16,
                "BLOCK_SHADOW_OPACITY": 0.15,
                "BLOCK_SHADOW_RADIUS": 2,
                "BORDER_RADIUS": 6,
                "BORDER_WIDTH": 0.8,
                "BUTTON_HEIGHT": 44,
                "BUTTON_SHADOW_RADIUS": 10,
                "BUTTON_WIDTH": 144,
                "CARD_AVATAR_HEIGHT": 40,
                "CARD_AVATAR_RADIUS": 20,
                "CARD_AVATAR_WIDTH": 40,
                "CARD_BORDER_RADIUS": 6.4,
                "CARD_BORDER_WIDTH": 0.8,
                "CARD_FOOTER_HORIZONTAL": 12,
                "CARD_FOOTER_VERTICAL": 12,
                "CARD_IMAGE_HEIGHT": 200,
                "CARD_MARGIN_VERTICAL": 14,
                "CARD_ROUND": 3,
                "CARD_ROUNDED": 8,
                "CARD_WIDTH": 718,
                "CHECKBOX_HEIGHT": 20,
                "CHECKBOX_WIDTH": 20,
                "FONT": 16,
                "ICON": 16,
                "INPUT_BORDER_RADIUS": 8,
                "INPUT_BORDER_WIDTH": 0.8,
                "INPUT_HEIGHT": 44,
                "INPUT_HELP_TEXT": 12.8,
                "INPUT_HORIZONTAL": 16,
                "INPUT_LABEL_BOTTOM": 4,
                "INPUT_LABEL_TEXT": 14.4,
                "INPUT_ROUNDED": 27.2,
                "INPUT_TEXT": 14,
                "NAVBAR_HEIGHT": 66,
                "NAVBAR_LEFT_FLEX": 0.5,
                "NAVBAR_LEFT_HEIGHT": 93.38000000000001,
                "NAVBAR_LEFT_MARGIN": 16,
                "NAVBAR_RIGHT_FLEX": 0.5,
                "NAVBAR_RIGHT_HEIGHT": 93.38000000000001,
                "NAVBAR_RIGHT_MARGIN": 16,
                "NAVBAR_TITLE_FLEX": 2,
                "NAVBAR_TITLE_HEIGHT": 93.38000000000001,
                "NAVBAR_TITLE_TEXT": 14,
                "NAVBAR_VERTICAL": 16,
                "OPACITY": 0.8,
                "RADIO_HEIGHT": 24,
                "RADIO_THICKNESS": 2,
                "RADIO_WIDTH": 24,
                "THUMB_SIZE": 25,
                "TRACK_SIZE": 4,
              },
            }
          }
        >
          <Text
            onPress={[Function]}
            style={
              Object {
                "color": "rgba(151, 151, 151, 1)",
                "fontSize": 16,
                "fontWeight": "300",
                "lineHeight": 28,
                "paddingHorizontal": 16,
              }
            }
          >
            Cars
          </Text>
          <View
            style={
              Object {
                "backgroundColor": "#9C26B0",
                "height": 2,
                "width": "0%",
              }
            }
          />
        </View>
      </View>
      <View
        onLayout={[Function]}
        style={
          Array [
            Object {
              "flexDirection": "row",
            },
            null,
          ]
        }
      >
        <View
          style={
            Array [
              Object {
                "flexDirection": "column",
              },
              false,
              false,
              false,
              false,
              false,
              false,
              false,
              false,
              null,
              false,
              false,
              false,
              null,
              null,
              null,
              Object {
                "alignItems": "center",
              },
            ]
          }
          theme={
            Object {
              "COLORS": Object {
                "ACTIVE": "#9C26B0",
                "BLACK": "#000000",
                "BLOCK": "#E7E7E7",
                "BORDER_COLOR": "#E7E7E7",
                "BUTTON_COLOR": "#9C26B0",
                "DEFAULT": "#DCDCDC",
                "DRIBBBLE": "#EA4C89",
                "ERROR": "#F44336",
                "FACEBOOK": "#3B5998",
                "GRADIENT_END": "#AC2688",
                "GRADIENT_START": "#6B24AA",
                "GREY": "#898989",
                "ICON": "#4A4A4A",
                "INFO": "#00BCD4",
                "INPUT": "#DCDCDC",
                "LABEL": "#FE2472",
                "MUTED": "#979797",
                "NAVBAR": "#F9F9F9",
                "NEUTRAL": "rgba(255,255,255, 0.65)",
                "PLACEHOLDER": "#9FA5AA",
                "PRICE_COLOR": "#EAD5FB",
                "PRIMARY": "#9C26B0",
                "SUCCESS": "#4CAF50",
                "SWITCH_OFF": "#D4D9DD",
                "SWITCH_ON": "#9C26B0",
                "THEME": "#B23AFC",
                "TRANSPARENT": "transparent",
                "TWITTER": "#5BC0DE",
                "WARNING": "#FF9800",
                "WHITE": "#FFFFFF",
              },
              "SIZES": Object {
                "ANDROID_ELEVATION": 1,
                "BASE": 16,
                "BLOCK_SHADOW_OPACITY": 0.15,
                "BLOCK_SHADOW_RADIUS": 2,
                "BORDER_RADIUS": 6,
                "BORDER_WIDTH": 0.8,
                "BUTTON_HEIGHT": 44,
                "BUTTON_SHADOW_RADIUS": 10,
                "BUTTON_WIDTH": 144,
                "CARD_AVATAR_HEIGHT": 40,
                "CARD_AVATAR_RADIUS": 20,
                "CARD_AVATAR_WIDTH": 40,
                "CARD_BORDER_RADIUS": 6.4,
                "CARD_BORDER_WIDTH": 0.8,
                "CARD_FOOTER_HORIZONTAL": 12,
                "CARD_FOOTER_VERTICAL": 12,
                "CARD_IMAGE_HEIGHT": 200,
                "CARD_MARGIN_VERTICAL": 14,
                "CARD_ROUND": 3,
                "CARD_ROUNDED": 8,
                "CARD_WIDTH": 718,
                "CHECKBOX_HEIGHT": 20,
                "CHECKBOX_WIDTH": 20,
                "FONT": 16,
                "ICON": 16,
                "INPUT_BORDER_RADIUS": 8,
                "INPUT_BORDER_WIDTH": 0.8,
                "INPUT_HEIGHT": 44,
                "INPUT_HELP_TEXT": 12.8,
                "INPUT_HORIZONTAL": 16,
                "INPUT_LABEL_BOTTOM": 4,
                "INPUT_LABEL_TEXT": 14.4,
                "INPUT_ROUNDED": 27.2,
                "INPUT_TEXT": 14,
                "NAVBAR_HEIGHT": 66,
                "NAVBAR_LEFT_FLEX": 0.5,
                "NAVBAR_LEFT_HEIGHT": 93.38000000000001,
                "NAVBAR_LEFT_MARGIN": 16,
                "NAVBAR_RIGHT_FLEX": 0.5,
                "NAVBAR_RIGHT_HEIGHT": 93.38000000000001,
                "NAVBAR_RIGHT_MARGIN": 16,
                "NAVBAR_TITLE_FLEX": 2,
                "NAVBAR_TITLE_HEIGHT": 93.38000000000001,
                "NAVBAR_TITLE_TEXT": 14,
                "NAVBAR_VERTICAL": 16,
                "OPACITY": 0.8,
                "RADIO_HEIGHT": 24,
                "RADIO_THICKNESS": 2,
                "RADIO_WIDTH": 24,
                "THUMB_SIZE": 25,
                "TRACK_SIZE": 4,
              },
            }
          }
        >
          <Text
            onPress={[Function]}
            style={
              Object {
                "color": "rgba(151, 151, 151, 1)",
                "fontSize": 16,
                "fontWeight": "300",
                "lineHeight": 28,
                "paddingHorizontal": 16,
              }
            }
          >
            Motocycles
          </Text>
          <View
            style={
              Object {
                "backgroundColor": "#9C26B0",
                "height": 2,
                "width": "0%",
              }
            }
          />
        </View>
      </View>
    </View>
  </RCTScrollView>
</View>
`;
